[www.addictinggames.com/embed/html5-games/20543.html]
[backblue.gif]
[fade.gif]
[index.html]
[www.addictinggames.com/sites/all/themes/starkish/images/favicon/favicon-16x16.png]
[www.addictinggames.com/sites/all/themes/starkish/images/favicon/apple-icon-57x57.png]
[www.addictinggames.com/sites/all/themes/starkish/images/favicon/apple-icon-60x60.png]
[www.addictinggames.com/sites/all/themes/starkish/images/favicon/apple-icon-72x72.png]
[www.addictinggames.com/sites/all/themes/starkish/images/favicon/apple-icon-76x76.png]
[www.addictinggames.com/sites/all/themes/starkish/images/favicon/apple-icon-114x114.png]
[www.addictinggames.com/sites/all/themes/starkish/images/favicon/apple-icon-120x120.png]
[www.addictinggames.com/sites/all/themes/starkish/images/favicon/apple-icon-144x144.png]
[www.addictinggames.com/sites/all/themes/starkish/images/favicon/apple-icon-152x152.png]
[www.addictinggames.com/sites/all/themes/starkish/images/favicon/apple-icon-180x180.png]
[www.addictinggames.com/sites/all/themes/starkish/images/favicon/favicon-32x32.png]
[www.addictinggames.com/sites/all/themes/starkish/images/favicon/android-icon-36x36.png]
[www.addictinggames.com/sites/all/themes/starkish/images/favicon/android-icon-48x48.png]
[www.addictinggames.com/sites/all/themes/starkish/images/favicon/android-icon-72x72.png]
[www.addictinggames.com/sites/all/themes/starkish/images/favicon/favicon-96x96.png]
[www.addictinggames.com/sites/all/themes/starkish/images/favicon/android-icon-144x144.png]
[www.addictinggames.com/sites/all/themes/starkish/images/favicon/android-icon-192x192.png]
[www.addictinggames.com/sites/all/themes/starkish/images/favicon/ms-icon-144x144.png]
[www.addictinggames.com/sites/default/files/advagg_css/css__aTQ1NR2_-Nr4yHJXzkSm-k69qY8MxrowtOa7Dy54H20__3Ph0kjzlEeIVLFe8CUErz-ffr6LkOEQZiHLb7EcjtWE__899aYgX9xU0F2ToPST6JUHjkMmxpSD54D-XCeOyONUI.css]
[www.addictinggames.com/sites/default/files/advagg_css/css__oiG-Rj15C4br6h8dMVs8NLgT4TXP7jOxHM5zDTZTp2E__CqJMaHuvHvjyOgToeYRaSprCDaG9m2mbxreFyqw3mgg__899aYgX9xU0F2ToPST6JUHjkMmxpSD54D-XCeOyONUI.css]
[www.addictinggames.com/sites/default/files/advagg_js/js__5R9GnKjiqiVBVphuJoBOwl2SXDFhOHnFx17PZMNTAvk__ruo_ojqvA5H_MwYnstPS7gyNp887FcZC-90K480oXbk__899aYgX9xU0F2ToPST6JUHjkMmxpSD54D-XCeOyONUI.js]
[www.addictinggames.com/sites/default/files/advagg_js/js__OtGiBtpPZRIMU9W2trknig_ytPUqsj9LxtM3JQVNWuU__KPtLhEmnilnCu64H9hTaWgycZ0Q85UtxLODdv2LX1cY__899aYgX9xU0F2ToPST6JUHjkMmxpSD54D-XCeOyONUI.js]
[www.addictinggames.com/sites/default/files/advagg_js/js__BXCBdvF7nlC3ZebxJr9Jheh6Ae1atDcDiejnNupUEKI__zPbnII1Pu7PHPV9O-NgPc17jQx4iI50OF8OqyHUeZtg__899aYgX9xU0F2ToPST6JUHjkMmxpSD54D-XCeOyONUI.js]
[www.addictinggames.com/sites/default/files/advagg_js/js__qW9YipdCN7Se1QI8fsWoqAYp6QkyP8zAdhBayf8Rnfo__apVOw08PbF1LFo0203yEfkyxbSiWSfkGvaiV47sJAc8__899aYgX9xU0F2ToPST6JUHjkMmxpSD54D-XCeOyONUI.js]
[www.google-analytics.com/analytics.js]
[www.addictinggames.com/sites/default/files/advagg_js/js__AgDmoHgz2BBsuYKlX8UnYzVidEjQtLHbepY8axA2DZg__dRPEMzYE8LXiV2va20EbSkmNp1WQCb1NtGUFFvIJjMw__899aYgX9xU0F2ToPST6JUHjkMmxpSD54D-XCeOyONUI.js]
[www.addictinggames.com/sites/default/files/advagg_js/js__Fix-Hi7Jy1RGJUsiz0p_BO6c4PdIQeCJQPIRN-0gb6o__Ug42AB4ngBsGPlmAOnv3411JJeG_kXuO0qcDcJuQGRE__899aYgX9xU0F2ToPST6JUHjkMmxpSD54D-XCeOyONUI.js]
[www.addictinggames.com/embed/html5-games/20543.html]
[www.addictinggames.com/sites/default/files/advagg_js/js__9jGuRNOoecdYoPrAEoOa9qObYUUdfwjOniiljf3HIWE__6bsqiFjDVKqliL0TWg2tLyh-ZBBzHwObG6erTWNpR8c__899aYgX9xU0F2ToPST6JUHjkMmxpSD54D-XCeOyONUI.js]
[www.addictinggames.com/misc/throbber-inactive.png]
[www.addictinggames.com/misc/throbber-active.gif]
[www.addictinggames.com/misc/grippie.png]
[www.addictinggames.com/misc/draggable.png]
[www.addictinggames.com/misc/tree.png]
[www.addictinggames.com/misc/tree-bottom.png]
[www.addictinggames.com/misc/menu-expanded.png]
[www.addictinggames.com/misc/menu-collapsed.png]
[www.addictinggames.com/misc/menu-leaf.png]
[www.addictinggames.com/misc/message-24-ok.png]
[www.addictinggames.com/misc/message-24-warning.png]
[www.addictinggames.com/misc/message-24-error.png]
[www.addictinggames.com/misc/help.png]
[www.addictinggames.com/misc/progress.gif]
[www.addictinggames.com/sites/all/modules/jquery_update/replace/ui/themes/base/minified/images/ui-bg_flat_75_ffffff_40x100.png]
[www.addictinggames.com/sites/all/modules/jquery_update/replace/ui/themes/base/minified/images/ui-bg_highlight-soft_75_cccccc_1x100.png]
[www.addictinggames.com/sites/all/modules/jquery_update/replace/ui/themes/base/minified/images/ui-bg_glass_75_e6e6e6_1x400.png]
[www.addictinggames.com/sites/all/modules/jquery_update/replace/ui/themes/base/minified/images/ui-bg_glass_75_dadada_1x400.png]
[www.addictinggames.com/sites/all/modules/jquery_update/replace/ui/themes/base/minified/images/ui-bg_glass_65_ffffff_1x400.png]
[www.addictinggames.com/sites/all/modules/jquery_update/replace/ui/themes/base/minified/images/ui-bg_glass_55_fbf9ee_1x400.png]
[www.addictinggames.com/sites/all/modules/jquery_update/replace/ui/themes/base/minified/images/ui-bg_glass_95_fef1ec_1x400.png]
[www.addictinggames.com/sites/all/modules/jquery_update/replace/ui/themes/base/minified/images/ui-icons_222222_256x240.png]
[www.addictinggames.com/sites/all/modules/jquery_update/replace/ui/themes/base/minified/images/ui-icons_888888_256x240.png]
[www.addictinggames.com/sites/all/modules/jquery_update/replace/ui/themes/base/minified/images/ui-icons_454545_256x240.png]
[www.addictinggames.com/sites/all/modules/jquery_update/replace/ui/themes/base/minified/images/ui-icons_2e83ff_256x240.png]
[www.addictinggames.com/sites/all/modules/jquery_update/replace/ui/themes/base/minified/images/ui-icons_cd0a0a_256x240.png]
[www.addictinggames.com/sites/all/modules/jquery_update/replace/ui/themes/base/minified/images/ui-bg_flat_0_aaaaaa_40x100.png]
[www.addictinggames.com/themes/seven/images/buttons.png]
[www.addictinggames.com/sites/all/modules/ubercart/uc_store/images/print.gif]
[www.addictinggames.com/sites/all/modules/ubercart/uc_store/images/throbber.gif]
[www.addictinggames.com/sites/all/modules/ubercart/uc_store/images/menu_orders.gif]
[www.addictinggames.com/sites/all/modules/ubercart/uc_store/images/menu_customers.gif]
[www.addictinggames.com/sites/all/modules/ubercart/uc_store/images/menu_products.gif]
[www.addictinggames.com/sites/all/modules/ubercart/uc_store/images/menu_store_settings.gif]
[www.addictinggames.com/sites/all/modules/ubercart/uc_store/images/menu_reports.gif]
[www.addictinggames.com/sites/all/modules/ctools/images/status-active.gif]
[www.addictinggames.com/sites/default/files/advagg_css/css__aTQ1NR2_-Nr4yHJXzkSm-k69qY8MxrowtOa7Dy54H20__3Ph0kjzlEeIVLFe8CUErz-ffr6LkOEQZiHLb7EcjtWE__899aYgX9xU0F2ToPST6JUHjkMmxpSD54D-XCeOyONUI.css]
[www.addictinggames.com/sites/default/files/advagg_css/css__oiG-Rj15C4br6h8dMVs8NLgT4TXP7jOxHM5zDTZTp2E__CqJMaHuvHvjyOgToeYRaSprCDaG9m2mbxreFyqw3mgg__899aYgX9xU0F2ToPST6JUHjkMmxpSD54D-XCeOyONUI.css]
